CIAO configuration is complete... 
CIAO 4.18.0 Monday, December 08, 2025
  bindir      : /data/jyz/Applications/ciao-4.18/ciao-4.18/bin
  CALDB       : 4.12.3
CIAO configuration is complete... 
CIAO 4.18.0 Monday, December 08, 2025
  bindir      : /data/jyz/Applications/ciao-4.18/ciao-4.18/bin
  CALDB       : 4.12.3
CIAO configuration is complete... 
CIAO 4.18.0 Monday, December 08, 2025
  bindir      : /data/jyz/Applications/ciao-4.18/ciao-4.18/bin
  CALDB       : 4.12.3
Running merge_obs
Version: 05 November 2021

Verifying 2 observations.
Using CSC ACIS broad science energy band.
Calculating new tangent point.
New tangent point: RA=1h 31m 57.977s Dec=-13d 33' 45.74"

Observations to be reprojected:

  Obsid  Obs Date   Exp    DETNAM     SIM_Z    FP   Sepn   PA  
                   (ks)                (mm)    (K)   (')  (deg)
---------------------------------------------------------------
1 522   2000-09-09  10.0 ACIS-01236  -236.524 153.4   1.6   +95
2 3579  2003-08-03  10.0 ACIS-01236  -225.846 153.4   1.6   -85

WARNING - EXPTIME values differ:
  Obsid 3579 has EXPTIME=3.1 and 522 has 3.2

Running tasks in parallel with 64 processors.
Reprojecting 2 event files to a common tangent point.
Merging reprojected events files to /data/jyz/X_scale/chandra_data_evt/Abell_0209/processed/merged_evt.fits

Calculating the output grid

The merged images will have 3901 by 2859 pixels, a pixel size of 0.492 arcsec,
    and cover x=2672.5:6573.5:1, y=2919.5:5778.5:1.

Creating the fluxed images for 2 observations in parallel.
Creating 5 aspect histograms for obsid 522
Creating 5 aspect histograms for obsid 3579
Creating 5 instrument maps for obsid 522
Creating 5 instrument maps for obsid 3579
Creating 5 exposure maps for obsid 522
Creating 5 exposure maps for obsid 3579
Combining 5 exposure maps for obsid 522
Thresholding data for obsid 522
Exposure-correcting image for obsid 522
Combining 5 exposure maps for obsid 3579
Thresholding data for obsid 3579
Exposure-correcting image for obsid 3579

Combining 2 observations.

The following files were created:

The co-added clipped counts image is:
     /data/jyz/X_scale/chandra_data_evt/Abell_0209/processed/broad_thresh.img

The co-added clipped exposure map is:
     /data/jyz/X_scale/chandra_data_evt/Abell_0209/processed/broad_thresh.expmap

The combined FOV is:
     /data/jyz/X_scale/chandra_data_evt/Abell_0209/processed/merged.fov

The co-added exposure-corrected image is:
     /data/jyz/X_scale/chandra_data_evt/Abell_0209/processed/broad_flux.img

Warning: the merged event file /data/jyz/X_scale/chandra_data_evt/Abell_0209/processed/merged_evt.fits
   should not be used to create ARF/RMF/exposure maps because
      the RA_NOM keyword varies by 0.0555 (limit is 0.0003)
      the DEC_NOM keyword varies by 0.0043 (limit is 0.0003)
      the ROLL_NOM keyword varies by 24.1 (limit is 1.0)
      the SIM_Z keyword varies by 10.7 (limit is 0.1)
      the EXPTIME keyword contains: 3.1 3.2
        which means that the DTCOR value, and hence LIVETIME/EXPOSURE
        keywords are wrong

CIAO configuration is complete... 
CIAO 4.18.0 Monday, December 08, 2025
  bindir      : /data/jyz/Applications/ciao-4.18/ciao-4.18/bin
  CALDB       : 4.12.3
CIAO configuration is complete... 
CIAO 4.18.0 Monday, December 08, 2025
  bindir      : /data/jyz/Applications/ciao-4.18/ciao-4.18/bin
  CALDB       : 4.12.3
CIAO configuration is complete... 
CIAO 4.18.0 Monday, December 08, 2025
  bindir      : /data/jyz/Applications/ciao-4.18/ciao-4.18/bin
  CALDB       : 4.12.3
CIAO configuration is complete... 
CIAO 4.18.0 Monday, December 08, 2025
  bindir      : /data/jyz/Applications/ciao-4.18/ciao-4.18/bin
  CALDB       : 4.12.3
CIAO configuration is complete... 
CIAO 4.18.0 Monday, December 08, 2025
  bindir      : /data/jyz/Applications/ciao-4.18/ciao-4.18/bin
  CALDB       : 4.12.3
# WARNING: Kernel cannot be larger than image, setting to size of image
# WARNING: Remainder will be smoothed on scale of 357.113556
CIAO configuration is complete... 
CIAO 4.18.0 Monday, December 08, 2025
  bindir      : /data/jyz/Applications/ciao-4.18/ciao-4.18/bin
  CALDB       : 4.12.3

Running chandra_repro
version: 11 August 2025


Processing input directory '/data/jyz/X_scale/chandra_data_evt/MACSJ1931.8-2635/raw/9382'

No boresight correction update to asol file is needed.
Resetting afterglow status bits in evt1.fits file...

Running acis_build_badpix and acis_find_afterglow to create a new bad pixel file...

Running acis_process_events to reprocess the evt1.fits file...
Filtering the evt1.fits file by grade and status and time...
Applying the good time intervals from the flt1.fits file...
The new evt2.fits file is: /data/jyz/X_scale/chandra_data_evt/MACSJ1931.8-2635/raw/9382/repro/acisf09382_repro_evt2.fits

Updating the event file header with chandra_repro HISTORY record
Creating FOV file...
Setting observation-specific bad pixel file in local ardlib.par.

Cleaning up intermediate files

WARNING: Observation-specific bad pixel file set for session use:
         /data/jyz/X_scale/chandra_data_evt/MACSJ1931.8-2635/raw/9382/repro/acisf09382_repro_bpix1.fits
         Run 'punlearn ardlib' when analysis of this dataset completed.

The data have been reprocessed.
Start your analysis with the new products in
/data/jyz/X_scale/chandra_data_evt/MACSJ1931.8-2635/raw/9382/repro

CIAO configuration is complete... 
CIAO 4.18.0 Monday, December 08, 2025
  bindir      : /data/jyz/Applications/ciao-4.18/ciao-4.18/bin
  CALDB       : 4.12.3
CIAO configuration is complete... 
CIAO 4.18.0 Monday, December 08, 2025
  bindir      : /data/jyz/Applications/ciao-4.18/ciao-4.18/bin
  CALDB       : 4.12.3

Running chandra_repro
version: 11 August 2025


Processing input directory '/data/jyz/X_scale/chandra_data_evt/MACSJ1931.8-2635/raw/3282'

No boresight correction update to asol file is needed.
Resetting afterglow status bits in evt1.fits file...

Running acis_build_badpix and acis_find_afterglow to create a new bad pixel file...

Running acis_process_events to reprocess the evt1.fits file...
Filtering the evt1.fits file by grade and status and time...
Applying the good time intervals from the flt1.fits file...
The new evt2.fits file is: /data/jyz/X_scale/chandra_data_evt/MACSJ1931.8-2635/raw/3282/repro/acisf03282_repro_evt2.fits

Updating the event file header with chandra_repro HISTORY record
Creating FOV file...
Setting observation-specific bad pixel file in local ardlib.par.

Cleaning up intermediate files

WARNING: Observation-specific bad pixel file set for session use:
         /data/jyz/X_scale/chandra_data_evt/MACSJ1931.8-2635/raw/3282/repro/acisf03282_repro_bpix1.fits
         Run 'punlearn ardlib' when analysis of this dataset completed.

The data have been reprocessed.
Start your analysis with the new products in
/data/jyz/X_scale/chandra_data_evt/MACSJ1931.8-2635/raw/3282/repro

CIAO configuration is complete... 
CIAO 4.18.0 Monday, December 08, 2025
  bindir      : /data/jyz/Applications/ciao-4.18/ciao-4.18/bin
  CALDB       : 4.12.3
CIAO configuration is complete... 
CIAO 4.18.0 Monday, December 08, 2025
  bindir      : /data/jyz/Applications/ciao-4.18/ciao-4.18/bin
  CALDB       : 4.12.3
Running merge_obs
Version: 05 November 2021

Verifying 2 observations.
Using CSC ACIS broad science energy band.
Calculating new tangent point.
New tangent point: RA=19h 31m 49.899s Dec=-26d 36' 25.55"

Observations to be reprojected:

  Obsid  Obs Date   Exp    DETNAM     SIM_Z    FP   Sepn   PA  
                   (ks)                (mm)    (K)   (')  (deg)
---------------------------------------------------------------
1 3282  2002-10-20  13.6 ACIS-01236  -227.734 153.4   0.4  +173
2 9382  2008-08-21  98.9 ACIS-01236  -229.444 153.4   0.4    -7

Running tasks in parallel with 64 processors.
Reprojecting 2 event files to a common tangent point.
Merging reprojected events files to /data/jyz/X_scale/chandra_data_evt/MACSJ1931.8-2635/processed/merged_evt.fits

Calculating the output grid

The merged images will have 3938 by 2572 pixels, a pixel size of 0.492 arcsec,
    and cover x=1659.5:5597.5:1, y=2760.5:5332.5:1.

Creating the fluxed images for 2 observations in parallel.
Creating 5 aspect histograms for obsid 3282
Creating 5 aspect histograms for obsid 9382
Creating 5 instrument maps for obsid 3282
Creating 5 instrument maps for obsid 9382
Creating 5 exposure maps for obsid 3282
Creating 5 exposure maps for obsid 9382
Combining 5 exposure maps for obsid 3282
Thresholding data for obsid 3282
Exposure-correcting image for obsid 3282
Combining 5 exposure maps for obsid 9382
Thresholding data for obsid 9382
Exposure-correcting image for obsid 9382

Combining 2 observations.

The following files were created:

The co-added clipped counts image is:
     /data/jyz/X_scale/chandra_data_evt/MACSJ1931.8-2635/processed/broad_thresh.img

The co-added clipped exposure map is:
     /data/jyz/X_scale/chandra_data_evt/MACSJ1931.8-2635/processed/broad_thresh.expmap

The combined FOV is:
     /data/jyz/X_scale/chandra_data_evt/MACSJ1931.8-2635/processed/merged.fov

The co-added exposure-corrected image is:
     /data/jyz/X_scale/chandra_data_evt/MACSJ1931.8-2635/processed/broad_flux.img

Warning: the merged event file /data/jyz/X_scale/chandra_data_evt/MACSJ1931.8-2635/processed/merged_evt.fits
   should not be used to create ARF/RMF/exposure maps because
      the RA_NOM keyword varies by 0.0017 (limit is 0.0003)
      the DEC_NOM keyword varies by 0.0129 (limit is 0.0003)
      the ROLL_NOM keyword varies by 6.6 (limit is 1.0)
      the SIM_Z keyword varies by 1.7 (limit is 0.1)

CIAO configuration is complete... 
CIAO 4.18.0 Monday, December 08, 2025
  bindir      : /data/jyz/Applications/ciao-4.18/ciao-4.18/bin
  CALDB       : 4.12.3
CIAO configuration is complete... 
CIAO 4.18.0 Monday, December 08, 2025
  bindir      : /data/jyz/Applications/ciao-4.18/ciao-4.18/bin
  CALDB       : 4.12.3
CIAO configuration is complete... 
CIAO 4.18.0 Monday, December 08, 2025
  bindir      : /data/jyz/Applications/ciao-4.18/ciao-4.18/bin
  CALDB       : 4.12.3
CIAO configuration is complete... 
CIAO 4.18.0 Monday, December 08, 2025
  bindir      : /data/jyz/Applications/ciao-4.18/ciao-4.18/bin
  CALDB       : 4.12.3
CIAO configuration is complete... 
CIAO 4.18.0 Monday, December 08, 2025
  bindir      : /data/jyz/Applications/ciao-4.18/ciao-4.18/bin
  CALDB       : 4.12.3
# WARNING: Kernel cannot be larger than image, setting to size of image
# WARNING: Remainder will be smoothed on scale of 321.239929
CIAO configuration is complete... 
CIAO 4.18.0 Monday, December 08, 2025
  bindir      : /data/jyz/Applications/ciao-4.18/ciao-4.18/bin
  CALDB       : 4.12.3

Running chandra_repro
version: 11 August 2025


Processing input directory '/data/jyz/X_scale/chandra_data_evt/RXJ2129.7+0005/raw/552'

No boresight correction update to asol file is needed.
Resetting afterglow status bits in evt1.fits file...

Running acis_build_badpix and acis_find_afterglow to create a new bad pixel file...

Running acis_process_events to reprocess the evt1.fits file...
Filtering the evt1.fits file by grade and status and time...
Applying the good time intervals from the flt1.fits file...
The new evt2.fits file is: /data/jyz/X_scale/chandra_data_evt/RXJ2129.7+0005/raw/552/repro/acisf00552_repro_evt2.fits

Updating the event file header with chandra_repro HISTORY record
Creating FOV file...
Setting observation-specific bad pixel file in local ardlib.par.

Cleaning up intermediate files

WARNING: Observation-specific bad pixel file set for session use:
         /data/jyz/X_scale/chandra_data_evt/RXJ2129.7+0005/raw/552/repro/acisf00552_repro_bpix1.fits
         Run 'punlearn ardlib' when analysis of this dataset completed.

The data have been reprocessed.
Start your analysis with the new products in
/data/jyz/X_scale/chandra_data_evt/RXJ2129.7+0005/raw/552/repro

CIAO configuration is complete... 
CIAO 4.18.0 Monday, December 08, 2025
  bindir      : /data/jyz/Applications/ciao-4.18/ciao-4.18/bin
  CALDB       : 4.12.3
CIAO configuration is complete... 
CIAO 4.18.0 Monday, December 08, 2025
  bindir      : /data/jyz/Applications/ciao-4.18/ciao-4.18/bin
  CALDB       : 4.12.3

Running chandra_repro
version: 11 August 2025


Processing input directory '/data/jyz/X_scale/chandra_data_evt/RXJ2129.7+0005/raw/9370'

No boresight correction update to asol file is needed.
Resetting afterglow status bits in evt1.fits file...

Running acis_build_badpix and acis_find_afterglow to create a new bad pixel file...

Running acis_process_events to reprocess the evt1.fits file...
Filtering the evt1.fits file by grade and status and time...
Applying the good time intervals from the flt1.fits file...
The new evt2.fits file is: /data/jyz/X_scale/chandra_data_evt/RXJ2129.7+0005/raw/9370/repro/acisf09370_repro_evt2.fits

Updating the event file header with chandra_repro HISTORY record
Creating FOV file...
Setting observation-specific bad pixel file in local ardlib.par.

Cleaning up intermediate files

WARNING: Observation-specific bad pixel file set for session use:
         /data/jyz/X_scale/chandra_data_evt/RXJ2129.7+0005/raw/9370/repro/acisf09370_repro_bpix1.fits
         Run 'punlearn ardlib' when analysis of this dataset completed.

The data have been reprocessed.
Start your analysis with the new products in
/data/jyz/X_scale/chandra_data_evt/RXJ2129.7+0005/raw/9370/repro

CIAO configuration is complete... 
CIAO 4.18.0 Monday, December 08, 2025
  bindir      : /data/jyz/Applications/ciao-4.18/ciao-4.18/bin
  CALDB       : 4.12.3
CIAO configuration is complete... 
CIAO 4.18.0 Monday, December 08, 2025
  bindir      : /data/jyz/Applications/ciao-4.18/ciao-4.18/bin
  CALDB       : 4.12.3
Running merge_obs
Version: 05 November 2021

Verifying 2 observations.
Using CSC ACIS broad science energy band.
Calculating new tangent point.
New tangent point: RA=21h 29m 43.404s Dec=0d 4' 20.97"

Observations to be reprojected:

  Obsid  Obs Date   Exp    DETNAM     SIM_Z    FP   Sepn   PA  
                   (ks)                (mm)    (K)   (')  (deg)
---------------------------------------------------------------
1 552   2000-10-21  10.0 ACIS-01236  -225.843 153.3   2.2  -170
2 9370  2009-04-03  29.6 ACIS-01236  -233.587 153.3   2.2   +10

WARNING - EXPTIME values differ:
  Obsid 9370 has EXPTIME=3.1 and 552 has 3.2

Running tasks in parallel with 64 processors.
Reprojecting 2 event files to a common tangent point.
Merging reprojected events files to /data/jyz/X_scale/chandra_data_evt/RXJ2129.7+0005/processed/merged_evt.fits

Calculating the output grid

The merged images will have 4659 by 3105 pixels, a pixel size of 0.492 arcsec,
    and cover x=1885.5:6544.5:1, y=2468.5:5573.5:1.

Creating the fluxed images for 2 observations in parallel.
Creating 5 aspect histograms for obsid 552
Creating 5 aspect histograms for obsid 9370
Creating 5 instrument maps for obsid 552
Creating 5 instrument maps for obsid 9370
Creating 5 exposure maps for obsid 552
Creating 5 exposure maps for obsid 9370
Combining 5 exposure maps for obsid 552
Thresholding data for obsid 552
Combining 5 exposure maps for obsid 9370
Exposure-correcting image for obsid 552
Thresholding data for obsid 9370
Exposure-correcting image for obsid 9370

Combining 2 observations.

The following files were created:

The co-added clipped counts image is:
     /data/jyz/X_scale/chandra_data_evt/RXJ2129.7+0005/processed/broad_thresh.img

The co-added clipped exposure map is:
     /data/jyz/X_scale/chandra_data_evt/RXJ2129.7+0005/processed/broad_thresh.expmap

The combined FOV is:
     /data/jyz/X_scale/chandra_data_evt/RXJ2129.7+0005/processed/merged.fov

The co-added exposure-corrected image is:
     /data/jyz/X_scale/chandra_data_evt/RXJ2129.7+0005/processed/broad_flux.img

Warning: the merged event file /data/jyz/X_scale/chandra_data_evt/RXJ2129.7+0005/processed/merged_evt.fits
   should not be used to create ARF/RMF/exposure maps because
      the RA_NOM keyword varies by 0.0128 (limit is 0.0003)
      the DEC_NOM keyword varies by 0.0723 (limit is 0.0003)
      the ROLL_NOM keyword varies by 185.3 (limit is 1.0)
      the SIM_Z keyword varies by 7.7 (limit is 0.1)
      the EXPTIME keyword contains: 3.1 3.2
        which means that the DTCOR value, and hence LIVETIME/EXPOSURE
        keywords are wrong

CIAO configuration is complete... 
CIAO 4.18.0 Monday, December 08, 2025
  bindir      : /data/jyz/Applications/ciao-4.18/ciao-4.18/bin
  CALDB       : 4.12.3
CIAO configuration is complete... 
CIAO 4.18.0 Monday, December 08, 2025
  bindir      : /data/jyz/Applications/ciao-4.18/ciao-4.18/bin
  CALDB       : 4.12.3
CIAO configuration is complete... 
CIAO 4.18.0 Monday, December 08, 2025
  bindir      : /data/jyz/Applications/ciao-4.18/ciao-4.18/bin
  CALDB       : 4.12.3
CIAO configuration is complete... 
CIAO 4.18.0 Monday, December 08, 2025
  bindir      : /data/jyz/Applications/ciao-4.18/ciao-4.18/bin
  CALDB       : 4.12.3
CIAO configuration is complete... 
CIAO 4.18.0 Monday, December 08, 2025
  bindir      : /data/jyz/Applications/ciao-4.18/ciao-4.18/bin
  CALDB       : 4.12.3
# WARNING: Kernel cannot be larger than image, setting to size of image
# WARNING: Remainder will be smoothed on scale of 387.864624
CIAO configuration is complete... 
CIAO 4.18.0 Monday, December 08, 2025
  bindir      : /data/jyz/Applications/ciao-4.18/ciao-4.18/bin
  CALDB       : 4.12.3

Running chandra_repro
version: 11 August 2025


Processing input directory '/data/jyz/X_scale/chandra_data_evt/ZwCl_0857.9+2107/raw/7897'

No boresight correction update to asol file is needed.
Resetting afterglow status bits in evt1.fits file...

Running acis_build_badpix and acis_find_afterglow to create a new bad pixel file...

Running acis_process_events to reprocess the evt1.fits file...
Filtering the evt1.fits file by grade and status and time...
Applying the good time intervals from the flt1.fits file...
The new evt2.fits file is: /data/jyz/X_scale/chandra_data_evt/ZwCl_0857.9+2107/raw/7897/repro/acisf07897_repro_evt2.fits

Updating the event file header with chandra_repro HISTORY record
Creating FOV file...
Setting observation-specific bad pixel file in local ardlib.par.

Cleaning up intermediate files

WARNING: Observation-specific bad pixel file set for session use:
         /data/jyz/X_scale/chandra_data_evt/ZwCl_0857.9+2107/raw/7897/repro/acisf07897_repro_bpix1.fits
         Run 'punlearn ardlib' when analysis of this dataset completed.

The data have been reprocessed.
Start your analysis with the new products in
/data/jyz/X_scale/chandra_data_evt/ZwCl_0857.9+2107/raw/7897/repro

CIAO configuration is complete... 
CIAO 4.18.0 Monday, December 08, 2025
  bindir      : /data/jyz/Applications/ciao-4.18/ciao-4.18/bin
  CALDB       : 4.12.3
CIAO configuration is complete... 
CIAO 4.18.0 Monday, December 08, 2025
  bindir      : /data/jyz/Applications/ciao-4.18/ciao-4.18/bin
  CALDB       : 4.12.3

Running chandra_repro
version: 11 August 2025


Processing input directory '/data/jyz/X_scale/chandra_data_evt/ZwCl_0857.9+2107/raw/10463'

No boresight correction update to asol file is needed.
Resetting afterglow status bits in evt1.fits file...

Running the destreak tool on the evt1.fits file...

Running acis_build_badpix and acis_find_afterglow to create a new bad pixel file...

Running acis_process_events to reprocess the evt1.fits file...
Output from acis_process_events:
# acis_process_events (CIAO 4.18.0): The following error occurred 5 times:
	WARNING: pulse height is less than split threshold when performing serial CTI adjustment.
Filtering the evt1.fits file by grade and status and time...
Applying the good time intervals from the flt1.fits file...
The new evt2.fits file is: /data/jyz/X_scale/chandra_data_evt/ZwCl_0857.9+2107/raw/10463/repro/acisf10463_repro_evt2.fits

Updating the event file header with chandra_repro HISTORY record
Creating FOV file...
Setting observation-specific bad pixel file in local ardlib.par.

Cleaning up intermediate files

WARNING: Observation-specific bad pixel file set for session use:
         /data/jyz/X_scale/chandra_data_evt/ZwCl_0857.9+2107/raw/10463/repro/acisf10463_repro_bpix1.fits
         Run 'punlearn ardlib' when analysis of this dataset completed.

The data have been reprocessed.
Start your analysis with the new products in
/data/jyz/X_scale/chandra_data_evt/ZwCl_0857.9+2107/raw/10463/repro

CIAO configuration is complete... 
CIAO 4.18.0 Monday, December 08, 2025
  bindir      : /data/jyz/Applications/ciao-4.18/ciao-4.18/bin
  CALDB       : 4.12.3
CIAO configuration is complete... 
CIAO 4.18.0 Monday, December 08, 2025
  bindir      : /data/jyz/Applications/ciao-4.18/ciao-4.18/bin
  CALDB       : 4.12.3
Running merge_obs
Version: 05 November 2021

Verifying 2 observations.
Using CSC ACIS broad science energy band.
Calculating new tangent point.
New tangent point: RA=9h 0m 37.400s Dec=20d 53' 50.14"

Observations to be reprojected:

  Obsid  Obs Date   Exp    DETNAM     SIM_Z    FP   Sepn   PA  
                   (ks)                (mm)    (K)   (')  (deg)
---------------------------------------------------------------
1 7897  2006-12-23   9.1 ACIS-01236  -233.587 154.3   1.2   +23
2 10463 2009-02-24  40.6 ACIS-35678  -190.140 153.4   1.2  -157

WARNING - SIM_X values differ:
  Obsid 7897 has SIM_X=-0.78090834371673 and 10463 has -0.68282252473119

Running tasks in parallel with 64 processors.
Reprojecting 2 event files to a common tangent point.
Merging reprojected events files to /data/jyz/X_scale/chandra_data_evt/ZwCl_0857.9+2107/processed/merged_evt.fits

Calculating the output grid

The merged images will have 3557 by 4380 pixels, a pixel size of 0.492 arcsec,
    and cover x=2742.5:6299.5:1, y=1582.5:5962.5:1.

Creating the fluxed images for 2 observations in parallel.
Creating 5 aspect histograms for obsid 7897
Creating 5 aspect histograms for obsid 10463
Creating 5 instrument maps for obsid 7897
Creating 5 instrument maps for obsid 10463
Creating 5 exposure maps for obsid 10463
Creating 5 exposure maps for obsid 7897
Combining 5 exposure maps for obsid 7897
Thresholding data for obsid 7897
Exposure-correcting image for obsid 7897
Combining 5 exposure maps for obsid 10463
Thresholding data for obsid 10463
Exposure-correcting image for obsid 10463

Combining 2 observations.

The following files were created:

The co-added clipped counts image is:
     /data/jyz/X_scale/chandra_data_evt/ZwCl_0857.9+2107/processed/broad_thresh.img

The co-added clipped exposure map is:
     /data/jyz/X_scale/chandra_data_evt/ZwCl_0857.9+2107/processed/broad_thresh.expmap

The combined FOV is:
     /data/jyz/X_scale/chandra_data_evt/ZwCl_0857.9+2107/processed/merged.fov

The co-added exposure-corrected image is:
     /data/jyz/X_scale/chandra_data_evt/ZwCl_0857.9+2107/processed/broad_flux.img

Warning: the merged event file /data/jyz/X_scale/chandra_data_evt/ZwCl_0857.9+2107/processed/merged_evt.fits
   should not be used to create ARF/RMF/exposure maps because
      the RA_NOM keyword varies by 0.0160 (limit is 0.0003)
      the DEC_NOM keyword varies by 0.0359 (limit is 0.0003)
      the ROLL_NOM keyword varies by 177.0 (limit is 1.0)
      the SIM_X keyword varies by 0.098 (limit is 0.001)
      the SIM_Z keyword varies by 43.4 (limit is 0.1)
      the aim points fall on CCDs: 3 7
        which means that the ONTIME/LIVETIME/EXPOSURE keywords
        do not reflect the full observation length.

CIAO configuration is complete... 
CIAO 4.18.0 Monday, December 08, 2025
  bindir      : /data/jyz/Applications/ciao-4.18/ciao-4.18/bin
  CALDB       : 4.12.3
CIAO configuration is complete... 
CIAO 4.18.0 Monday, December 08, 2025
  bindir      : /data/jyz/Applications/ciao-4.18/ciao-4.18/bin
  CALDB       : 4.12.3
CIAO configuration is complete... 
CIAO 4.18.0 Monday, December 08, 2025
  bindir      : /data/jyz/Applications/ciao-4.18/ciao-4.18/bin
  CALDB       : 4.12.3
CIAO configuration is complete... 
CIAO 4.18.0 Monday, December 08, 2025
  bindir      : /data/jyz/Applications/ciao-4.18/ciao-4.18/bin
  CALDB       : 4.12.3
CIAO configuration is complete... 
CIAO 4.18.0 Monday, December 08, 2025
  bindir      : /data/jyz/Applications/ciao-4.18/ciao-4.18/bin
  CALDB       : 4.12.3
# WARNING: Kernel cannot be larger than image, setting to size of image
# WARNING: Remainder will be smoothed on scale of 444.362305

==================================================
Processing cluster: Abell_0209
==================================================
=== Step 1: Reprocessing each ObsID ===
=== Step 2: Merging observations ===
=== Step 3: Detecting point sources ===
=== Step 4: Removing point sources ===
=== Step 5: Recomputing flux image ===
=== Step 6: Smoothing ===
=== DONE Abell_0209 ===
Final product: /data/jyz/X_scale/chandra_data_evt/Abell_0209/processed/clean_fluxed/flux_csmooth.img

==================================================
Processing cluster: MACSJ1931.8-2635
==================================================
=== Step 1: Reprocessing each ObsID ===
=== Step 2: Merging observations ===
=== Step 3: Detecting point sources ===
=== Step 4: Removing point sources ===
=== Step 5: Recomputing flux image ===
=== Step 6: Smoothing ===
=== DONE MACSJ1931.8-2635 ===
Final product: /data/jyz/X_scale/chandra_data_evt/MACSJ1931.8-2635/processed/clean_fluxed/flux_csmooth.img

==================================================
Processing cluster: RXJ2129.7+0005
==================================================
=== Step 1: Reprocessing each ObsID ===
=== Step 2: Merging observations ===
=== Step 3: Detecting point sources ===
=== Step 4: Removing point sources ===
=== Step 5: Recomputing flux image ===
=== Step 6: Smoothing ===
=== DONE RXJ2129.7+0005 ===
Final product: /data/jyz/X_scale/chandra_data_evt/RXJ2129.7+0005/processed/clean_fluxed/flux_csmooth.img

==================================================
Processing cluster: ZwCl_0857.9+2107
==================================================
=== Step 1: Reprocessing each ObsID ===
=== Step 2: Merging observations ===
=== Step 3: Detecting point sources ===
=== Step 4: Removing point sources ===
=== Step 5: Recomputing flux image ===
=== Step 6: Smoothing ===
=== DONE ZwCl_0857.9+2107 ===
Final product: /data/jyz/X_scale/chandra_data_evt/ZwCl_0857.9+2107/processed/clean_fluxed/flux_csmooth.img
